<html>
<body>
<pre>
<h1>µVision Build Log</h1>
<h2>Project:</h2>
C:\Users\megan\Documents\GitHub\EE319K\Lab8_EE319K\Lab8.uvproj
Project File Date:  11/13/2013

<h2>Output:</h2>
Rebuild target 'Lab8'
assembling startup.s...
compiling PLL.c...
compiling ADC.c...
compiling SSD2119.c...
assembling Print.s...
compiling Lab8.c...
Lab8.c(23): warning:  #1295-D: Deprecated declaration main2 - give arg types
Lab8.c(24): warning:  #1295-D: Deprecated declaration main3 - give arg types
assembling LCD.s...
linking...
Program Size: Code=1396 RO-data=32 RW-data=8 ZI-data=1120  
".\Lab8.axf" - 0 Errors, 2 Warning(s).
Rebuild target 'Lab8'
assembling startup.s...
compiling PLL.c...
compiling ADC.c...
ADC.c(34): error:  #29: expected an expression
ADC.c(37): error:  #29: expected an expression
compiling SSD2119.c...
assembling Print.s...
compiling Lab8.c...
Lab8.c(23): warning:  #1295-D: Deprecated declaration main2 - give arg types
Lab8.c(24): warning:  #1295-D: Deprecated declaration main3 - give arg types
assembling LCD.s...
".\Lab8.axf" - 2 Errors, 2 Warning(s).
Target not created
Rebuild target 'Lab8'
assembling startup.s...
compiling PLL.c...
compiling ADC.c...
compiling SSD2119.c...
assembling Print.s...
compiling Lab8.c...
Lab8.c(23): warning:  #1295-D: Deprecated declaration main2 - give arg types
Lab8.c(24): warning:  #1295-D: Deprecated declaration main3 - give arg types
assembling LCD.s...
linking...
Program Size: Code=2844 RO-data=512 RW-data=16 ZI-data=1120  
".\Lab8.axf" - 0 Errors, 2 Warning(s).
